// Jest Snapshot v1, https://goo.gl/fbAQLP

exports[`Test PinPrompt Renders 1`] = `ShallowWrapper {}`;
