// Jest Snapshot v1, https://goo.gl/fbAQLP

exports[`Test PolylineOverlay Renders 1`] = `ShallowWrapper {}`;
