// Jest Snapshot v1, https://goo.gl/fbAQLP

exports[`Test MouseCoords Renders 1`] = `ShallowWrapper {}`;
