// Jest Snapshot v1, https://goo.gl/fbAQLP

exports[`Test BuildRoute Renders 1`] = `ShallowWrapper {}`;
