// Jest Snapshot v1, https://goo.gl/fbAQLP

exports[`Test FlightParameters Renders 1`] = `ShallowWrapper {}`;
