// Jest Snapshot v1, https://goo.gl/fbAQLP

exports[`Test PlanSideBar Renders 1`] = `ShallowWrapper {}`;
