// Jest Snapshot v1, https://goo.gl/fbAQLP

exports[`Test PlanSideBarButtons Renders 1`] = `ShallowWrapper {}`;
