// Jest Snapshot v1, https://goo.gl/fbAQLP

exports[`Test Switch Renders 1`] = `ShallowWrapper {}`;
