// Jest Snapshot v1, https://goo.gl/fbAQLP

exports[`Test ViewFlightInfo Renders 1`] = `ShallowWrapper {}`;
