// Jest Snapshot v1, https://goo.gl/fbAQLP

exports[`Test ViewSideBar Renders 1`] = `ShallowWrapper {}`;
