// Jest Snapshot v1, https://goo.gl/fbAQLP

exports[`Test Map Renders 1`] = `ShallowWrapper {}`;
